GGAGGTTA-TTGCT--GTGGAG-GTAC-TGGAGA-AGGA-GGA-TGCTAGCG-TT-GGGT-AAACCAC-G-AGC-ATTTTGACTT-G-T-ACT--TC-GCCTC----
--GGGTTA-TTGCT--GTTGTGAGTAC-TGGAGACAGGAGGGAGTGTTAGAG-TTGGGGT-AAACCACAGTAGCTCATGTCACTTGGATAACTCGTCAGCCTC----
---GGTCACTCGCT--GTGGAGAGTACTTTGAGACAGGAGGGAGTGCTAGAGTTTGGGGTAAAACCACAGCAGCTCATG-CACTTGGATATCT-GTGAG-C-C----

