AATAGTCGTTCTATG
TA
ACGCTTCAAAAAGCCGC
TGATCAAGGTA
CTATGCACGCC
A
